// Jest Snapshot v1, https://goo.gl/fbAQLP

exports[`One Country snapshot renders correctly 1`] = `
<a
  className=""
  href="/Germany"
  onClick={[Function]}
>
  <li
    className="card"
  >
    <div>
      <img
        alt="map"
        className="map"
        src="map-icon.png"
      />
      <i
        className="fa-regular fa-circle-right"
      />
    </div>
    <h5>
      Germany
    </h5>
    <h6>
      47
    </h6>
  </li>
</a>
`;
